Integrity check: recomputing cell eps=0.0 w=0.5 rep=0
  reproduced bit for bit; merging is safe.

440 cells already saved, 320 to compute, 760 total.
  eps=0.22  w=0.5   [   5/320] coop=0.215 survivors=1
  eps=0.24  w=0.5   [  10/320] coop=0.238 survivors=1
  eps=0.26  w=0.5   [  15/320] coop=0.257 survivors=1
  eps=0.28  w=0.5   [  20/320] coop=0.279 survivors=1
  eps=0.3   w=0.5   [  25/320] coop=0.293 survivors=1
  eps=0.32  w=0.5   [  30/320] coop=0.313 survivors=1
  eps=0.34  w=0.5   [  35/320] coop=0.334 survivors=1
  eps=0.35  w=0.5   [  40/320] coop=0.344 survivors=1
  eps=0.22  w=0.6   [  45/320] coop=0.213 survivors=1
  eps=0.24  w=0.6   [  50/320] coop=0.234 survivors=1
  eps=0.26  w=0.6   [  55/320] coop=0.252 survivors=1
  eps=0.28  w=0.6   [  60/320] coop=0.276 survivors=1
  eps=0.3   w=0.6   [  65/320] coop=0.291 survivors=1
  eps=0.32  w=0.6   [  70/320] coop=0.311 survivors=1
  eps=0.34  w=0.6   [  75/320] coop=0.333 survivors=1
  eps=0.35  w=0.6   [  80/320] coop=0.344 survivors=1
  eps=0.22  w=0.7   [  85/320] coop=0.213 survivors=1
  eps=0.24  w=0.7   [  90/320] coop=0.235 survivors=1
  eps=0.26  w=0.7   [  95/320] coop=0.252 survivors=1
  eps=0.28  w=0.7   [ 100/320] coop=0.275 survivors=1
  eps=0.3   w=0.7   [ 105/320] coop=0.293 survivors=1
  eps=0.32  w=0.7   [ 110/320] coop=0.313 survivors=1
  eps=0.34  w=0.7   [ 115/320] coop=0.336 survivors=1
  eps=0.35  w=0.7   [ 120/320] coop=0.348 survivors=1
  eps=0.22  w=0.8   [ 125/320] coop=0.211 survivors=1
  eps=0.24  w=0.8   [ 130/320] coop=0.231 survivors=1
  eps=0.26  w=0.8   [ 135/320] coop=0.250 survivors=1
  eps=0.28  w=0.8   [ 140/320] coop=0.271 survivors=1
  eps=0.3   w=0.8   [ 145/320] coop=0.290 survivors=1
  eps=0.32  w=0.8   [ 150/320] coop=0.311 survivors=1
  eps=0.34  w=0.8   [ 155/320] coop=0.331 survivors=1
  eps=0.35  w=0.8   [ 160/320] coop=0.342 survivors=1
  eps=0.22  w=0.9   [ 165/320] coop=0.687 survivors=1
  eps=0.24  w=0.9   [ 170/320] coop=0.239 survivors=1
  eps=0.26  w=0.9   [ 175/320] coop=0.259 survivors=1
  eps=0.28  w=0.9   [ 180/320] coop=0.279 survivors=1
  eps=0.3   w=0.9   [ 185/320] coop=0.297 survivors=1
  eps=0.32  w=0.9   [ 190/320] coop=0.317 survivors=1
  eps=0.34  w=0.9   [ 195/320] coop=0.337 survivors=1
  eps=0.35  w=0.9   [ 200/320] coop=0.349 survivors=1
  eps=0.22  w=0.95  [ 205/320] coop=0.686 survivors=1
  eps=0.24  w=0.95  [ 210/320] coop=0.664 survivors=1
  eps=0.26  w=0.95  [ 215/320] coop=0.259 survivors=1
  eps=0.28  w=0.95  [ 220/320] coop=0.278 survivors=1
  eps=0.3   w=0.95  [ 225/320] coop=0.297 survivors=1
  eps=0.32  w=0.95  [ 230/320] coop=0.317 survivors=2
  eps=0.34  w=0.95  [ 235/320] coop=0.350 survivors=2
  eps=0.35  w=0.95  [ 240/320] coop=0.359 survivors=2
  eps=0.22  w=0.98  [ 245/320] coop=0.690 survivors=1
  eps=0.24  w=0.98  [ 250/320] coop=0.668 survivors=1
  eps=0.26  w=0.98  [ 255/320] coop=0.648 survivors=1
  eps=0.28  w=0.98  [ 260/320] coop=0.633 survivors=1
  eps=0.3   w=0.98  [ 265/320] coop=0.616 survivors=1
  eps=0.32  w=0.98  [ 270/320] coop=0.317 survivors=1
  eps=0.34  w=0.98  [ 275/320] coop=0.337 survivors=1
  eps=0.35  w=0.98  [ 280/320] coop=0.346 survivors=1
  eps=0.22  w=0.99  [ 285/320] coop=0.682 survivors=1
  eps=0.24  w=0.99  [ 290/320] coop=0.663 survivors=1
  eps=0.26  w=0.99  [ 295/320] coop=0.643 survivors=1
  eps=0.28  w=0.99  [ 300/320] coop=0.629 survivors=1
  eps=0.3   w=0.99  [ 305/320] coop=0.613 survivors=1
  eps=0.32  w=0.99  [ 310/320] coop=0.319 survivors=1
  eps=0.34  w=0.99  [ 315/320] coop=0.338 survivors=1
  eps=0.35  w=0.99  [ 320/320] coop=0.357 survivors=1

Merged sweep written: 760 rows.
  csv       C:\Users\MSI\Desktop\evolutionary-game-sim\results\phase_c_grid.csv
  npz       C:\Users\MSI\Desktop\evolutionary-game-sim\results\phase_c_matrices.npz
  metadata  C:\Users\MSI\Desktop\evolutionary-game-sim\results\phase_c_metadata.json

==============================================================================
The extended map: where does cooperation actually break?
==============================================================================
eps / w       0.5     0.6     0.7     0.8     0.9    0.95    0.98    0.99
-------------------------------------------------------------------------
0.00         0.00    0.54    1.00    1.00    1.00    1.00    1.00    1.00
0.02         0.20    0.51    0.94    0.95    0.96    0.96    0.96    0.96
0.04         0.10    0.34    0.90    0.92    0.93    0.93    0.93    0.92
0.06         0.15    0.18    0.82    0.89    0.90    0.89    0.89    0.89
0.08         0.12    0.17    0.71    0.87    0.87    0.86    0.86    0.86
0.10         0.14    0.10    0.32    0.84    0.83    0.83    0.83    0.83
0.12         0.16    0.16    0.19    0.79    0.81    0.80    0.80    0.80
0.14         0.17    0.17    0.14    0.68    0.78    0.77    0.77    0.77
0.16         0.16    0.16    0.16    0.39    0.75    0.75    0.75    0.75
0.18         0.18    0.18    0.18    0.18    0.70    0.73    0.73    0.72
0.20         0.20    0.20    0.19    0.20    0.67    0.70    0.70    0.70
0.22         0.22    0.22    0.21    0.22    0.34    0.68    0.68    0.68
0.24         0.24    0.24    0.24    0.24    0.24    0.42    0.66    0.66
0.26         0.26    0.26    0.26    0.26    0.26    0.27    0.64    0.64
0.28         0.28    0.28    0.28    0.28    0.28    0.28    0.63    0.63
0.30         0.30    0.30    0.30    0.30    0.30    0.30    0.43    0.55
0.32         0.32    0.32    0.32    0.32    0.32    0.33    0.33    0.38
0.34         0.34    0.34    0.34    0.34    0.34    0.35    0.35    0.34
0.35         0.35    0.35    0.35    0.35    0.35    0.36    0.36    0.35
-------------------------------------------------------------------------
fraction of moves actually played as COOPERATE in the final
population (1.00 = everyone cooperates, 0.00 = nobody does).
Measured from play, not from strategy names - see D-024.

743 of 760 runs converged. Slowest to settle: generation 58760 of 60000.
17 runs (2.2%) were still moving at the limit, spread over 12 cells:
    eps=0.02  w=0.7   4/5
    eps=0.02  w=0.8   2/5
    eps=0.04  w=0.7   2/5
    eps=0.06  w=0.6   1/5
    eps=0.06  w=0.7   1/5
    eps=0.06  w=0.8   1/5
    eps=0.08  w=0.7   1/5
    eps=0.1   w=0.7   1/5
    eps=0.14  w=0.8   1/5
    eps=0.16  w=0.8   1/5
    eps=0.2   w=0.9   1/5
    eps=0.32  w=0.95  1/5
All of them lie in the interior of the cooperative band, where the
dynamics are slowest. Their map entries should be read as provisional.
