Phase C - the (epsilon, w) sweep
11 error rates x 8 continuation probabilities x 5 replicates = 440 runs
Root seed 20260902, G = 60000, no culling during the run.
Roster: the 15-strategy pool (D-027).

  w=0.5   eps=0.0   [   5/440] len=  2.00 coop=0.000 survivors=2
  w=0.5   eps=0.02  [  10/440] len=  2.00 coop=0.020 survivors=1
  w=0.5   eps=0.04  [  15/440] len=  2.00 coop=0.038 survivors=1
  w=0.5   eps=0.06  [  20/440] len=  2.00 coop=0.232 survivors=6
  w=0.5   eps=0.08  [  25/440] len=  2.00 coop=0.078 survivors=1
  w=0.5   eps=0.1   [  30/440] len=  2.00 coop=0.103 survivors=1
  w=0.5   eps=0.12  [  35/440] len=  2.00 coop=0.122 survivors=1
  w=0.5   eps=0.14  [  40/440] len=  2.00 coop=0.143 survivors=1
  w=0.5   eps=0.16  [  45/440] len=  2.00 coop=0.161 survivors=1
  w=0.5   eps=0.18  [  50/440] len=  2.00 coop=0.178 survivors=1
  w=0.5   eps=0.2   [  55/440] len=  2.00 coop=0.197 survivors=1
  w=0.6   eps=0.0   [  60/440] len=  2.50 coop=0.402 survivors=5
  w=0.6   eps=0.02  [  65/440] len=  2.50 coop=0.376 survivors=5
  w=0.6   eps=0.04  [  70/440] len=  2.50 coop=0.038 survivors=1
  w=0.6   eps=0.06  [  75/440] len=  2.50 coop=0.299 survivors=6
  w=0.6   eps=0.08  [  80/440] len=  2.50 coop=0.303 survivors=5
  w=0.6   eps=0.1   [  85/440] len=  2.50 coop=0.103 survivors=1
  w=0.6   eps=0.12  [  90/440] len=  2.50 coop=0.121 survivors=1
  w=0.6   eps=0.14  [  95/440] len=  2.50 coop=0.140 survivors=1
  w=0.6   eps=0.16  [ 100/440] len=  2.50 coop=0.159 survivors=1
  w=0.6   eps=0.18  [ 105/440] len=  2.50 coop=0.174 survivors=1
  w=0.6   eps=0.2   [ 110/440] len=  2.50 coop=0.194 survivors=1
  w=0.7   eps=0.0   [ 115/440] len=  3.33 coop=1.000 survivors=10
  w=0.7   eps=0.02  [ 120/440] len=  3.33 coop=0.943 survivors=4
  w=0.7   eps=0.04  [ 125/440] len=  3.33 coop=0.940 survivors=1
  w=0.7   eps=0.06  [ 130/440] len=  3.33 coop=0.900 survivors=1
  w=0.7   eps=0.08  [ 135/440] len=  3.33 coop=0.870 survivors=1
  w=0.7   eps=0.1   [ 140/440] len=  3.33 coop=0.829 survivors=2
  w=0.7   eps=0.12  [ 145/440] len=  3.33 coop=0.120 survivors=1
  w=0.7   eps=0.14  [ 150/440] len=  3.33 coop=0.138 survivors=1
  w=0.7   eps=0.16  [ 155/440] len=  3.33 coop=0.157 survivors=1
  w=0.7   eps=0.18  [ 160/440] len=  3.33 coop=0.173 survivors=1
  w=0.7   eps=0.2   [ 165/440] len=  3.33 coop=0.191 survivors=1
  w=0.8   eps=0.0   [ 170/440] len=  5.00 coop=1.000 survivors=10
  w=0.8   eps=0.02  [ 175/440] len=  5.00 coop=0.931 survivors=6
  w=0.8   eps=0.04  [ 180/440] len=  5.00 coop=0.933 survivors=1
  w=0.8   eps=0.06  [ 185/440] len=  5.00 coop=0.893 survivors=1
  w=0.8   eps=0.08  [ 190/440] len=  5.00 coop=0.862 survivors=1
  w=0.8   eps=0.1   [ 195/440] len=  5.00 coop=0.838 survivors=1
  w=0.8   eps=0.12  [ 200/440] len=  5.00 coop=0.811 survivors=1
  w=0.8   eps=0.14  [ 205/440] len=  5.00 coop=0.782 survivors=1
  w=0.8   eps=0.16  [ 210/440] len=  5.00 coop=0.522 survivors=1
  w=0.8   eps=0.18  [ 215/440] len=  5.00 coop=0.170 survivors=1
  w=0.8   eps=0.2   [ 220/440] len=  5.00 coop=0.190 survivors=1
  w=0.9   eps=0.0   [ 225/440] len= 10.03 coop=1.000 survivors=10
  w=0.9   eps=0.02  [ 230/440] len= 10.03 coop=0.966 survivors=1
  w=0.9   eps=0.04  [ 235/440] len= 10.03 coop=0.933 survivors=1
  w=0.9   eps=0.06  [ 240/440] len= 10.03 coop=0.897 survivors=1
  w=0.9   eps=0.08  [ 245/440] len= 10.03 coop=0.867 survivors=1
  w=0.9   eps=0.1   [ 250/440] len= 10.03 coop=0.840 survivors=1
  w=0.9   eps=0.12  [ 255/440] len= 10.03 coop=0.811 survivors=1
  w=0.9   eps=0.14  [ 260/440] len= 10.03 coop=0.784 survivors=1
  w=0.9   eps=0.16  [ 265/440] len= 10.03 coop=0.756 survivors=1
  w=0.9   eps=0.18  [ 270/440] len= 10.03 coop=0.734 survivors=1
  w=0.9   eps=0.2   [ 275/440] len= 10.03 coop=0.711 survivors=1
  w=0.95  eps=0.0   [ 280/440] len= 20.06 coop=1.000 survivors=10
  w=0.95  eps=0.02  [ 285/440] len= 20.06 coop=0.961 survivors=1
  w=0.95  eps=0.04  [ 290/440] len= 20.06 coop=0.926 survivors=1
  w=0.95  eps=0.06  [ 295/440] len= 20.06 coop=0.892 survivors=1
  w=0.95  eps=0.08  [ 300/440] len= 20.06 coop=0.863 survivors=1
  w=0.95  eps=0.1   [ 305/440] len= 20.06 coop=0.835 survivors=1
  w=0.95  eps=0.12  [ 310/440] len= 20.06 coop=0.807 survivors=1
  w=0.95  eps=0.14  [ 315/440] len= 20.06 coop=0.778 survivors=1
  w=0.95  eps=0.16  [ 320/440] len= 20.06 coop=0.752 survivors=1
  w=0.95  eps=0.18  [ 325/440] len= 20.06 coop=0.729 survivors=1
  w=0.95  eps=0.2   [ 330/440] len= 20.06 coop=0.705 survivors=1
  w=0.98  eps=0.0   [ 335/440] len= 50.13 coop=1.000 survivors=10
  w=0.98  eps=0.02  [ 340/440] len= 50.13 coop=0.960 survivors=1
  w=0.98  eps=0.04  [ 345/440] len= 50.13 coop=0.924 survivors=1
  w=0.98  eps=0.06  [ 350/440] len= 50.13 coop=0.889 survivors=1
  w=0.98  eps=0.08  [ 355/440] len= 50.13 coop=0.857 survivors=1
  w=0.98  eps=0.1   [ 360/440] len= 50.13 coop=0.831 survivors=1
  w=0.98  eps=0.12  [ 365/440] len= 50.13 coop=0.803 survivors=1
  w=0.98  eps=0.14  [ 370/440] len= 50.13 coop=0.776 survivors=1
  w=0.98  eps=0.16  [ 375/440] len= 50.13 coop=0.752 survivors=1
  w=0.98  eps=0.18  [ 380/440] len= 50.13 coop=0.730 survivors=1
  w=0.98  eps=0.2   [ 385/440] len= 50.13 coop=0.710 survivors=1
  w=0.99  eps=0.0   [ 390/440] len= 99.47 coop=1.000 survivors=10
  w=0.99  eps=0.02  [ 395/440] len= 99.47 coop=0.959 survivors=1
  w=0.99  eps=0.04  [ 400/440] len= 99.47 coop=0.923 survivors=1
  w=0.99  eps=0.06  [ 405/440] len= 99.47 coop=0.888 survivors=1
  w=0.99  eps=0.08  [ 410/440] len= 99.47 coop=0.855 survivors=1
  w=0.99  eps=0.1   [ 415/440] len= 99.47 coop=0.826 survivors=1
  w=0.99  eps=0.12  [ 420/440] len= 99.47 coop=0.799 survivors=1
  w=0.99  eps=0.14  [ 425/440] len= 99.47 coop=0.770 survivors=1
  w=0.99  eps=0.16  [ 430/440] len= 99.47 coop=0.746 survivors=1
  w=0.99  eps=0.18  [ 435/440] len= 99.47 coop=0.723 survivors=1
  w=0.99  eps=0.2   [ 440/440] len= 99.47 coop=0.701 survivors=1

==============================================================================
The map: where does cooperation survive?
==============================================================================
eps / w       0.5     0.6     0.7     0.8     0.9    0.95    0.98    0.99
-------------------------------------------------------------------------
0.00         0.00    0.54    1.00    1.00    1.00    1.00    1.00    1.00
0.02         0.20    0.51    0.94    0.95    0.96    0.96    0.96    0.96
0.04         0.10    0.34    0.90    0.92    0.93    0.93    0.93    0.92
0.06         0.15    0.18    0.82    0.89    0.90    0.89    0.89    0.89
0.08         0.12    0.17    0.71    0.87    0.87    0.86    0.86    0.86
0.10         0.14    0.10    0.32    0.84    0.83    0.83    0.83    0.83
0.12         0.16    0.16    0.19    0.79    0.81    0.80    0.80    0.80
0.14         0.17    0.17    0.14    0.68    0.78    0.77    0.77    0.77
0.16         0.16    0.16    0.16    0.39    0.75    0.75    0.75    0.75
0.18         0.18    0.18    0.18    0.18    0.70    0.73    0.73    0.72
0.20         0.20    0.20    0.19    0.20    0.67    0.70    0.70    0.70
-------------------------------------------------------------------------
fraction of moves actually played as COOPERATE in the final
population (1.00 = everyone cooperates, 0.00 = nobody does).
Measured from play, not from strategy names - see D-024.

eps / w       0.5     0.6     0.7     0.8     0.9    0.95    0.98    0.99
-------------------------------------------------------------------------
0.00          0.0     0.8     1.0     1.0     1.0     1.0     1.0     1.0
0.02          0.0     0.4     1.0     1.0     1.0     1.0     1.0     1.0
0.04          0.0     0.4     1.0     1.0     1.0     1.0     1.0     1.0
0.06          0.0     0.0     0.8     1.0     1.0     1.0     1.0     1.0
0.08          0.0     0.0     1.0     1.0     1.0     1.0     1.0     1.0
0.10          0.0     0.0     0.2     1.0     1.0     1.0     1.0     1.0
0.12          0.2     0.0     0.2     1.0     1.0     1.0     1.0     1.0
0.14          0.2     0.0     0.0     1.0     1.0     1.0     1.0     1.0
0.16          0.0     0.0     0.0     0.6     1.0     1.0     1.0     1.0
0.18          0.0     0.0     0.0     0.0     1.0     1.0     1.0     1.0
0.20          0.0     0.0     0.0     0.0     0.8     1.0     1.0     1.0
-------------------------------------------------------------------------
fraction of replicates in which BOTH Always Defect and Random
went extinct (1.0 = cooperation wins in every replicate)

Grim Trigger:
eps / w       0.5     0.6     0.7     0.8     0.9    0.95    0.98    0.99
-------------------------------------------------------------------------
0.00          0.0     0.0     1.0     1.0     1.0     1.0     1.0     1.0
0.02          0.0     0.0     0.0     0.0     0.0     0.0     0.0     0.0
0.04          0.0     0.0     0.2     0.0     0.0     0.0     0.0     0.0
0.06          0.2     0.0     0.2     0.0     0.0     0.0     0.0     0.0
0.08          0.0     0.0     0.2     0.0     0.0     0.0     0.0     0.0
0.10          0.0     0.0     0.0     0.0     0.0     0.0     0.0     0.0
0.12          0.0     0.0     0.0     0.0     0.0     0.0     0.0     0.0
0.14          0.0     0.0     0.0     0.2     0.0     0.0     0.0     0.0
0.16          0.0     0.0     0.0     0.4     0.0     0.0     0.0     0.0
0.18          0.0     0.0     0.0     0.0     0.0     0.0     0.0     0.0
0.20          0.0     0.0     0.0     0.0     0.0     0.0     0.0     0.0

Pavlov:
eps / w       0.5     0.6     0.7     0.8     0.9    0.95    0.98    0.99
-------------------------------------------------------------------------
0.00          0.0     0.0     1.0     1.0     1.0     1.0     1.0     1.0
0.02          0.0     0.0     0.0     0.0     0.0     0.0     0.0     0.0
0.04          0.0     0.0     0.0     0.0     0.0     0.0     0.0     0.0
0.06          0.0     0.0     0.0     0.0     0.0     0.0     0.0     0.0
0.08          0.0     0.0     0.0     0.0     0.0     0.0     0.0     0.0
0.10          0.0     0.0     0.0     0.0     0.0     0.0     0.0     0.0
0.12          0.0     0.0     0.0     0.0     0.0     0.0     0.0     0.0
0.14          0.0     0.0     0.0     0.0     0.0     0.0     0.0     0.0
0.16          0.0     0.0     0.0     0.0     0.0     0.0     0.0     0.0
0.18          0.0     0.0     0.0     0.0     0.0     0.0     0.0     0.0
0.20          0.0     0.0     0.0     0.0     0.0     0.0     0.0     0.0

Tit-for-Tat:
eps / w       0.5     0.6     0.7     0.8     0.9    0.95    0.98    0.99
-------------------------------------------------------------------------
0.00          0.0     0.6     1.0     1.0     1.0     1.0     1.0     1.0
0.02          0.4     0.6     0.8     0.4     0.0     0.0     0.0     0.0
0.04          0.2     0.4     0.4     0.2     0.0     0.0     0.0     0.0
0.06          0.2     0.4     0.4     0.2     0.0     0.0     0.0     0.0
0.08          0.0     0.2     0.6     0.0     0.0     0.0     0.0     0.0
0.10          0.0     0.0     0.2     0.0     0.0     0.0     0.0     0.0
0.12          0.0     0.0     0.2     0.4     0.0     0.0     0.0     0.0
0.14          0.0     0.0     0.0     0.6     0.0     0.0     0.0     0.0
0.16          0.0     0.0     0.0     0.2     0.0     0.0     0.0     0.0
0.18          0.0     0.0     0.0     0.0     0.2     0.0     0.0     0.0
0.20          0.0     0.0     0.0     0.0     0.2     0.0     0.0     0.0

Always Cooperate:
eps / w       0.5     0.6     0.7     0.8     0.9    0.95    0.98    0.99
-------------------------------------------------------------------------
0.00          0.0     0.0     1.0     1.0     1.0     1.0     1.0     1.0
0.02          0.0     0.0     0.0     0.0     0.0     0.0     0.0     0.0
0.04          0.0     0.0     0.0     0.0     0.0     0.0     0.0     0.0
0.06          0.0     0.0     0.0     0.2     0.0     0.0     0.0     0.0
0.08          0.0     0.0     0.0     0.0     0.0     0.0     0.0     0.0
0.10          0.0     0.0     0.0     0.0     0.0     0.0     0.0     0.0
0.12          0.0     0.0     0.0     0.0     0.0     0.0     0.0     0.0
0.14          0.0     0.0     0.0     0.0     0.0     0.0     0.0     0.0
0.16          0.0     0.0     0.0     0.0     0.0     0.0     0.0     0.0
0.18          0.0     0.0     0.0     0.0     0.0     0.0     0.0     0.0
0.20          0.0     0.0     0.0     0.0     0.0     0.0     0.0     0.0


==============================================================================
Convergence and bistability
==============================================================================
424 of 440 runs converged. Slowest to settle: generation 58760 of 60000.
16 runs (3.6%) were still moving at the limit, spread over 11 cells:
    eps=0.02  w=0.7   4/5
    eps=0.02  w=0.8   2/5
    eps=0.04  w=0.7   2/5
    eps=0.06  w=0.6   1/5
    eps=0.06  w=0.7   1/5
    eps=0.06  w=0.8   1/5
    eps=0.08  w=0.7   1/5
    eps=0.1   w=0.7   1/5
    eps=0.14  w=0.8   1/5
    eps=0.16  w=0.8   1/5
    eps=0.2   w=0.9   1/5
All of them lie in the interior of the cooperative band, where the
dynamics are slowest. Their map entries should be read as provisional.

Cells where the cooperation rate varies by more than 0.3 across the
5 replicates. The only thing differing between them is
the tournament seed, so these are points where the SAME (eps, w) gives
cooperation or collapse depending on the sampled payoff matrix - the
boundary is genuinely bistable there, not merely uncertain.

    eps=0.02  w=0.5   [0.02, 0.02, 0.31, 0.33, 0.33]
    eps=0.02  w=0.6   [0.38, 0.47, 0.47, 0.52, 0.70]
    eps=0.04  w=0.6   [0.04, 0.04, 0.41, 0.52, 0.67]
    eps=0.06  w=0.6   [0.06, 0.06, 0.07, 0.30, 0.40]
    eps=0.08  w=0.7   [0.53, 0.55, 0.77, 0.83, 0.87]
    eps=0.1   w=0.7   [0.10, 0.10, 0.10, 0.45, 0.83]
    eps=0.12  w=0.7   [0.11, 0.12, 0.12, 0.13, 0.47]
    eps=0.16  w=0.8   [0.16, 0.16, 0.52, 0.53, 0.56]

Raw data written to:
  csv       C:\Users\MSI\Desktop\evolutionary-game-sim\results\phase_c_grid.csv
  npz       C:\Users\MSI\Desktop\evolutionary-game-sim\results\phase_c_matrices.npz
  metadata  C:\Users\MSI\Desktop\evolutionary-game-sim\results\phase_c_metadata.json
